../Core/Src/main.c:73:5:main	8	static
../Core/Src/main.c:130:6:SystemClock_Config	72	static
../Core/Src/main.c:169:13:MX_TIM2_Init	8	static
../Core/Src/main.c:229:13:MX_USART2_UART_Init	8	static
../Core/Src/main.c:262:13:MX_GPIO_Init	40	static
../Core/Src/main.c:326:6:HAL_GPIO_EXTI_Callback	16	static
../Core/Src/main.c:356:6:HAL_TIM_PeriodElapsedCallback	16	static
../Core/Src/main.c:360:6:HAL_TIM_OC_DelayElapsedCallback	16	static
../Core/Src/main.c:377:6:Error_Handler	4	static,ignoring_inline_asm
