12:23:14 **** Incremental Build of configuration Debug for project UART1_0422 ****
make -j4 all 
arm-none-eabi-gcc "../Core/Src/main.c" -mcpu=cortex-m3 -std=gnu11 -g3 -DDEBUG -DUSE_HAL_DRIVER -DSTM32F103xB -c -I../Core/Inc -I../Drivers/STM32F1xx_HAL_Driver/Inc -I../Drivers/STM32F1xx_HAL_Driver/Inc/Legacy -I../Drivers/CMSIS/Device/ST/STM32F1xx/Include -I../Drivers/CMSIS/Include -O0 -ffunction-sections -fdata-sections -Wall -fstack-usage -MMD -MP -MF"Core/Src/main.d" -MT"Core/Src/main.o" --specs=nano.specs -mfloat-abi=soft -mthumb -o "Core/Src/main.o"
arm-none-eabi-gcc -o "UART1_0422.elf" @"objects.list"   -mcpu=cortex-m3 -T"C:\Users\KCCI12\STM32CubeIDE\workspace_1.9.0\UART1_0422\STM32F103RBTX_FLASH.ld" --specs=nosys.specs -Wl,-Map="UART1_0422.map" -Wl,--gc-sections -static --specs=nano.specs -mfloat-abi=soft -mthumb -Wl,--start-group -lc -lm -Wl,--end-group
Finished building target: UART1_0422.elf
 
arm-none-eabi-size   UART1_0422.elf 
arm-none-eabi-objdump -h -S  UART1_0422.elf  > "UART1_0422.list"
   text	   data	    bss	    dec	    hex	filename
   5992	     68	   1636	   7696	   1e10	UART1_0422.elf
Finished building: default.size.stdout
 
Finished building: UART1_0422.list
 

12:23:15 Build Finished. 0 errors, 0 warnings. (took 864ms)

